=== node + npm versions ===
v22.20.0
10.9.3

=== npm install ===
npm warn deprecated whatwg-encoding@2.0.0: Use @exodus/bytes instead for a more spec-conformant and faster implementation

added 612 packages in 6s
[install] exit=0
=== npm run scrape:rakbank ===

> dubaipoints@0.1.0 scrape:rakbank
> tsx scripts/scrape/rakbank.ts

[rakbank] Scraping 1 card(s)
[rakbank] Fetching https://www.rakbank.ae/en/cards/credit-cards/world-credit-card
[rakbank] Fetching https://www.rakbank.ae/globalassets/rakbank/all-pdfs/001---service-and-price-guides/bilingual/012-j00686-sp-consumercreditcard.pdf
[rakbank] Wrote data/scraped/rakbank/2026-09-13T09-37-43-011Z.json
[rakbank] 1 card(s) had parsing warnings:
[rakbank]   rakbank-world: Could not parse annual fee; Could not parse minimum salary
[rakbank] exit=0

=== npm run scrape:propose ===

> dubaipoints@0.1.0 scrape:propose
> tsx scripts/scrape/propose-changes.ts

[propose] Wrote PR_BODY.md: 0 new, 1 changed, 2 warning(s)

=== git status src/data/cards.json ===
 M src/data/cards.json

